I (526) esp_psram: Found 32MB PSRAM device
I (527) esp_psram: Speed: 200MHz
I (528) hex_psram: psram CS IO is dedicated
I (528) cpu_start: Multicore app
I (1461) esp_psram: SPI SRAM memory test OK
I (1470) cpu_start: GPIO 38 and 37 are used as console UART I/O pins
I (1471) cpu_start: Pro cpu start user code
I (1471) cpu_start: cpu freq: 360000000 Hz
I (1473) app_init: Application information:
I (1477) app_init: Project name:     launcher
I (1481) app_init: App version:      1
I (1484) app_init: Compile time:     Mar 24 2026 13:47:16
I (1489) app_init: ELF file SHA256:  d45508a77...
I (1494) app_init: ESP-IDF:          v5.5.2
I (1498) efuse_init: Min chip rev:     v0.1
I (1502) efuse_init: Max chip rev:     v1.99
I (1506) efuse_init: Chip rev:         v1.3
I (1510) heap_init: Initializing. RAM available for dynamic allocation:
I (1516) heap_init: At 4FF11260 len 00029D60 (167 KiB): RETENT_RAM
I (1522) heap_init: At 4FF3AFC0 len 00004BF0 (18 KiB): RAM
I (1527) heap_init: At 4FF70D10 len 0002F2F0 (188 KiB): RAM
I (1532) heap_init: At 501080A0 len 00007F60 (31 KiB): RTCRAM
I (1538) heap_init: At 30100068 len 00001F98 (7 KiB): TCM
I (1543) esp_psram: Adding pool of 32768K of PSRAM memory to heap allocator
W (1550) spi_flash: Detected boya flash chip but using generic driver. For optimal functionality, enable `SPI_FLASH_SUPPORT_BOYA_CHIP` in menuconfig
I (1563) spi_flash: detected chip: generic
I (1566) spi_flash: flash io: dio
I (1570) sleep_gpio: Configure to isolate all GPIO pins in sleep state
I (1576) sleep_gpio: Enable automatic switching of GPIO sleep configuration
ESP-ROM:esp32p4-eco2-20240710
Build:Jul 10 2024
rst:0xc (SW_CPU_RESET),boot:0xc (SPI_FAST_FLASH_BOOT)
Core0 Saved PC:0x4000158a
Core1 Saved PC:0x4ff07236
SPI mode:DIO, clock div:1
load:0x4ff33ce0,len:0x11d8
load:0x4ff29ed0,len:0xd70
load:0x4ff2cbd0,len:0x3038
entry 0x4ff29eda
I (28) boot: ESP-IDF v5.5.2 2nd stage bootloader
I (28) boot: compile time Mar 24 2026 13:47:24
I (29) boot: Multicore bootloader
I (30) boot: chip revision: v1.3
I (31) boot: efuse block revision: v0.3
I (35) boot.esp32p4: SPI Speed      : 80MHz
I (39) boot.esp32p4: SPI Mode       : DIO
I (42) boot.esp32p4: SPI Flash Size : 16MB
I (46) boot: Enabling RNG early entropy source...
I (51) boot: Partition Table:
I (53) boot: ## Label            Usage          Type ST Offset   Length
I (60) boot:  0 nvs              WiFi data        01 02 00009000 00004000
I (66) boot:  1 otadata          OTA data         01 00 0000d000 00002000
I (73) boot:  2 factory          factory app      00 00 00010000 000b0000
I (79) boot:  3 ota_0            OTA app          00 10 000c0000 000a0000
I (86) boot:  4 ota_1            OTA app          00 11 00160000 000a0000
I (92) boot:  5 ota_2            OTA app          00 12 00200000 00150000
I (99) boot:  6 ota_3            OTA app          00 13 00350000 000c0000
I (105) boot:  7 ota_4            OTA app          00 14 00410000 00140000
I (112) boot:  8 ota_5            OTA app          00 15 00550000 000a0000
I (118) boot:  9 ota_6            OTA app          00 16 005f0000 000a0000
I (125) boot: 10 ota_7            OTA app          00 17 00690000 000a0000
I (131) boot: 11 ota_8            OTA app          00 18 00730000 000d0000
I (138) boot: 12 ota_9            OTA app          00 19 00800000 000c0000
I (145) boot: 13 ota_10           OTA app          00 1a 008c0000 000f0000
I (151) boot: 14 ota_11           OTA app          00 1b 009b0000 00150000
I (159) boot: End of partition table
I (162) boot: Defaulting to factory image
I (165) esp_image: segment 0: paddr=00010020 vaddr=40060020 size=3df8ch (253836) map
I (209) esp_image: segment 1: paddr=0004dfb4 vaddr=30100000 size=00068h (   104) load
I (210) esp_image: segment 2: paddr=0004e024 vaddr=4ff00000 size=01ff4h (  8180) load
I (215) esp_image: segment 3: paddr=00050020 vaddr=40000020 size=5eb28h (387880) map
I (275) esp_image: segment 4: paddr=000aeb50 vaddr=4ff01ff4 size=0b3d4h ( 46036) load
I (284) esp_image: segment 5: paddr=000b9f2c vaddr=4ff0d400 size=02d00h ( 11520) load
I (288) esp_image: segment 6: paddr=000bcc34 vaddr=50108080 size=00020h (    32) load
I (292) boot: Loaded app from partition at offset 0x10000
I (293) boot: Disabling RNG early entropy source...
I (313) hex_psram: vendor id    : 0x0d (AP)
I (313) hex_psram: Latency      : 0x01 (Fixed)
I (314) hex_psram: DriveStr.    : 0x00 (25 Ohm)
I (314) hex_psram: dev id       : 0x03 (generation 4)
I (319) hex_psram: density      : 0x07 (256 Mbit)
I (323) hex_psram: good-die     : 0x06 (Pass)
I (327) hex_psram: SRF          : 0x02 (Slow Refresh)
I (332) hex_psram: BurstType    : 0x00 ( Wrap)
I (336) hex_psram: BurstLen     : 0x03 (2048 Byte)
I (341) hex_psram: BitMode      : 0x01 (X16 Mode)
I (345) hex_psram: Readlatency  : 0x04 (14 cycles@Fixed)
I (350) hex_psram: DriveStrength: 0x00 (1/1)
I (354) MSPI Timing: Enter psram timing tuning
I (527) esp_psram: Found 32MB PSRAM device
I (528) esp_psram: Speed: 200MHz
I (529) hex_psram: psram CS IO is dedicated
I (529) cpu_start: Multicore app
I (1463) esp_psram: SPI SRAM memory test OK
I (1472) cpu_start: GPIO 38 and 37 are used as console UART I/O pins
I (1473) cpu_start: Pro cpu start user code
I (1473) cpu_start: cpu freq: 360000000 Hz
I (1475) app_init: Application information:
I (1479) app_init: Project name:     launcher
I (1483) app_init: App version:      1
I (1486) app_init: Compile time:     Mar 24 2026 13:47:16
I (1491) app_init: ELF file SHA256:  d45508a77...
I (1496) app_init: ESP-IDF:          v5.5.2
I (1500) efuse_init: Min chip rev:     v0.1
I (1503) efuse_init: Max chip rev:     v1.99
I (1508) efuse_init: Chip rev:         v1.3
I (1511) heap_init: Initializing. RAM available for dynamic allocation:
I (1518) heap_init: At 4FF11260 len 00029D60 (167 KiB): RETENT_RAM
I (1524) heap_init: At 4FF3AFC0 len 00004BF0 (18 KiB): RAM
I (1529) heap_init: At 4FF70D10 len 0002F2F0 (188 KiB): RAM
I (1534) heap_init: At 501080A0 len 00007F60 (31 KiB): RTCRAM
I (1540) heap_init: At 30100068 len 00001F98 (7 KiB): TCM
I (1545) esp_psram: Adding pool of 32768K of PSRAM memory to heap allocator
W (1552) spi_flash: Detected boya flash chip but using generic driver. For optimal functionality, enable `SPI_FLASH_SUPPORT_BOYA_CHIP` in menuconfig
I (1565) spi_flash: detected chip: generic
I (1568) spi_flash: flash io: dio
I (1572) sleep_gpio: Configure to isolate all GPIO pins in sleep state
I (1578) sleep_gpio: Enable automatic switching of GPIO sleep configuration
